  Determining projects to restore...
  All projects are up-to-date for restore.
  InnoPV.Shared -> D:\NewPVSoftware\InnoPV\InnoPV.Shared\bin\Debug\net10.0\InnoPV.Shared.dll
  InnoPV.Domain -> D:\NewPVSoftware\InnoPV\InnoPV.Domain\bin\Debug\net10.0\InnoPV.Domain.dll
  InnoPV.Application -> D:\NewPVSoftware\InnoPV\InnoPV.Application\bin\Debug\net10.0\InnoPV.Application.dll
  InnoPV.Infrastructure -> D:\NewPVSoftware\InnoPV\InnoPV.Infrastructure\bin\Debug\net10.0\InnoPV.Infrastructure.dll
  InnoPV.Api -> D:\NewPVSoftware\InnoPV\InnoPV.Api\bin\Debug\net10.0\InnoPV.Api.dll
C:\Program Files\dotnet\sdk\10.0.300\Microsoft.Common.CurrentVersion.targets(5096,5): warning MSB3026: Could not copy "D:\NewPVSoftware\InnoPV\InnoPV.Infrastructure\bin\Debug\net10.0\InnoPV.Infrastructure.dll" to "bin\Debug\net10.0\InnoPV.Infrastructure.dll". Beginning retry 1 in 1000ms. The process cannot access the file 'D:\NewPVSoftware\InnoPV\InnoPV.Web\bin\Debug\net10.0\InnoPV.Infrastructure.dll' because it is being used by another process. The file is locked by: "InnoPV.Web (21592)" [D:\NewPVSoftware\InnoPV\InnoPV.Web\InnoPV.Web.csproj]
C:\Program Files\dotnet\sdk\10.0.300\Microsoft.Common.CurrentVersion.targets(5096,5): warning MSB3026: Could not copy "D:\NewPVSoftware\InnoPV\InnoPV.Domain\bin\Debug\net10.0\InnoPV.Domain.dll" to "bin\Debug\net10.0\InnoPV.Domain.dll". Beginning retry 1 in 1000ms. The process cannot access the file 'D:\NewPVSoftware\InnoPV\InnoPV.Web\bin\Debug\net10.0\InnoPV.Domain.dll' because it is being used by another process. The file is locked by: "InnoPV.Web (21592)" [D:\NewPVSoftware\InnoPV\InnoPV.Web\InnoPV.Web.csproj]
C:\Program Files\dotnet\sdk\10.0.300\Microsoft.Common.CurrentVersion.targets(5096,5): warning MSB3026: Could not copy "D:\NewPVSoftware\InnoPV\InnoPV.Domain\bin\Debug\net10.0\InnoPV.Domain.dll" to "bin\Debug\net10.0\InnoPV.Domain.dll". Beginning retry 2 in 1000ms. The process cannot access the file 'D:\NewPVSoftware\InnoPV\InnoPV.Web\bin\Debug\net10.0\InnoPV.Domain.dll' because it is being used by another process. The file is locked by: "InnoPV.Web (21592)" [D:\NewPVSoftware\InnoPV\InnoPV.Web\InnoPV.Web.csproj]
C:\Program Files\dotnet\sdk\10.0.300\Microsoft.Common.CurrentVersion.targets(5096,5): warning MSB3026: Could not copy "D:\NewPVSoftware\InnoPV\InnoPV.Infrastructure\bin\Debug\net10.0\InnoPV.Infrastructure.dll" to "bin\Debug\net10.0\InnoPV.Infrastructure.dll". Beginning retry 2 in 1000ms. The process cannot access the file 'D:\NewPVSoftware\InnoPV\InnoPV.Web\bin\Debug\net10.0\InnoPV.Infrastructure.dll' because it is being used by another process. The file is locked by: "InnoPV.Web (21592)" [D:\NewPVSoftware\InnoPV\InnoPV.Web\InnoPV.Web.csproj]
C:\Program Files\dotnet\sdk\10.0.300\Microsoft.Common.CurrentVersion.targets(5096,5): warning MSB3026: Could not copy "D:\NewPVSoftware\InnoPV\InnoPV.Domain\bin\Debug\net10.0\InnoPV.Domain.dll" to "bin\Debug\net10.0\InnoPV.Domain.dll". Beginning retry 3 in 1000ms. The process cannot access the file 'D:\NewPVSoftware\InnoPV\InnoPV.Web\bin\Debug\net10.0\InnoPV.Domain.dll' because it is being used by another process. The file is locked by: "InnoPV.Web (21592)" [D:\NewPVSoftware\InnoPV\InnoPV.Web\InnoPV.Web.csproj]
C:\Program Files\dotnet\sdk\10.0.300\Microsoft.Common.CurrentVersion.targets(5096,5): warning MSB3026: Could not copy "D:\NewPVSoftware\InnoPV\InnoPV.Infrastructure\bin\Debug\net10.0\InnoPV.Infrastructure.dll" to "bin\Debug\net10.0\InnoPV.Infrastructure.dll". Beginning retry 3 in 1000ms. The process cannot access the file 'D:\NewPVSoftware\InnoPV\InnoPV.Web\bin\Debug\net10.0\InnoPV.Infrastructure.dll' because it is being used by another process. The file is locked by: "InnoPV.Web (21592)" [D:\NewPVSoftware\InnoPV\InnoPV.Web\InnoPV.Web.csproj]
C:\Program Files\dotnet\sdk\10.0.300\Microsoft.Common.CurrentVersion.targets(5096,5): warning MSB3026: Could not copy "D:\NewPVSoftware\InnoPV\InnoPV.Domain\bin\Debug\net10.0\InnoPV.Domain.dll" to "bin\Debug\net10.0\InnoPV.Domain.dll". Beginning retry 4 in 1000ms. The process cannot access the file 'D:\NewPVSoftware\InnoPV\InnoPV.Web\bin\Debug\net10.0\InnoPV.Domain.dll' because it is being used by another process. The file is locked by: "InnoPV.Web (21592)" [D:\NewPVSoftware\InnoPV\InnoPV.Web\InnoPV.Web.csproj]
C:\Program Files\dotnet\sdk\10.0.300\Microsoft.Common.CurrentVersion.targets(5096,5): warning MSB3026: Could not copy "D:\NewPVSoftware\InnoPV\InnoPV.Infrastructure\bin\Debug\net10.0\InnoPV.Infrastructure.dll" to "bin\Debug\net10.0\InnoPV.Infrastructure.dll". Beginning retry 4 in 1000ms. The process cannot access the file 'D:\NewPVSoftware\InnoPV\InnoPV.Web\bin\Debug\net10.0\InnoPV.Infrastructure.dll' because it is being used by another process. The file is locked by: "InnoPV.Web (21592)" [D:\NewPVSoftware\InnoPV\InnoPV.Web\InnoPV.Web.csproj]
C:\Program Files\dotnet\sdk\10.0.300\Microsoft.Common.CurrentVersion.targets(5096,5): warning MSB3026: Could not copy "D:\NewPVSoftware\InnoPV\InnoPV.Domain\bin\Debug\net10.0\InnoPV.Domain.dll" to "bin\Debug\net10.0\InnoPV.Domain.dll". Beginning retry 5 in 1000ms. The process cannot access the file 'D:\NewPVSoftware\InnoPV\InnoPV.Web\bin\Debug\net10.0\InnoPV.Domain.dll' because it is being used by another process. The file is locked by: "InnoPV.Web (21592)" [D:\NewPVSoftware\InnoPV\InnoPV.Web\InnoPV.Web.csproj]
C:\Program Files\dotnet\sdk\10.0.300\Microsoft.Common.CurrentVersion.targets(5096,5): warning MSB3026: Could not copy "D:\NewPVSoftware\InnoPV\InnoPV.Infrastructure\bin\Debug\net10.0\InnoPV.Infrastructure.dll" to "bin\Debug\net10.0\InnoPV.Infrastructure.dll". Beginning retry 5 in 1000ms. The process cannot access the file 'D:\NewPVSoftware\InnoPV\InnoPV.Web\bin\Debug\net10.0\InnoPV.Infrastructure.dll' because it is being used by another process. The file is locked by: "InnoPV.Web (21592)" [D:\NewPVSoftware\InnoPV\InnoPV.Web\InnoPV.Web.csproj]
C:\Program Files\dotnet\sdk\10.0.300\Microsoft.Common.CurrentVersion.targets(5096,5): warning MSB3026: Could not copy "D:\NewPVSoftware\InnoPV\InnoPV.Domain\bin\Debug\net10.0\InnoPV.Domain.dll" to "bin\Debug\net10.0\InnoPV.Domain.dll". Beginning retry 6 in 1000ms. The process cannot access the file 'D:\NewPVSoftware\InnoPV\InnoPV.Web\bin\Debug\net10.0\InnoPV.Domain.dll' because it is being used by another process. The file is locked by: "InnoPV.Web (21592)" [D:\NewPVSoftware\InnoPV\InnoPV.Web\InnoPV.Web.csproj]
C:\Program Files\dotnet\sdk\10.0.300\Microsoft.Common.CurrentVersion.targets(5096,5): warning MSB3026: Could not copy "D:\NewPVSoftware\InnoPV\InnoPV.Infrastructure\bin\Debug\net10.0\InnoPV.Infrastructure.dll" to "bin\Debug\net10.0\InnoPV.Infrastructure.dll". Beginning retry 6 in 1000ms. The process cannot access the file 'D:\NewPVSoftware\InnoPV\InnoPV.Web\bin\Debug\net10.0\InnoPV.Infrastructure.dll' because it is being used by another process. The file is locked by: "InnoPV.Web (21592)" [D:\NewPVSoftware\InnoPV\InnoPV.Web\InnoPV.Web.csproj]
C:\Program Files\dotnet\sdk\10.0.300\Microsoft.Common.CurrentVersion.targets(5096,5): warning MSB3026: Could not copy "D:\NewPVSoftware\InnoPV\InnoPV.Domain\bin\Debug\net10.0\InnoPV.Domain.dll" to "bin\Debug\net10.0\InnoPV.Domain.dll". Beginning retry 7 in 1000ms. The process cannot access the file 'D:\NewPVSoftware\InnoPV\InnoPV.Web\bin\Debug\net10.0\InnoPV.Domain.dll' because it is being used by another process. The file is locked by: "InnoPV.Web (21592)" [D:\NewPVSoftware\InnoPV\InnoPV.Web\InnoPV.Web.csproj]
C:\Program Files\dotnet\sdk\10.0.300\Microsoft.Common.CurrentVersion.targets(5096,5): warning MSB3026: Could not copy "D:\NewPVSoftware\InnoPV\InnoPV.Infrastructure\bin\Debug\net10.0\InnoPV.Infrastructure.dll" to "bin\Debug\net10.0\InnoPV.Infrastructure.dll". Beginning retry 7 in 1000ms. The process cannot access the file 'D:\NewPVSoftware\InnoPV\InnoPV.Web\bin\Debug\net10.0\InnoPV.Infrastructure.dll' because it is being used by another process. The file is locked by: "InnoPV.Web (21592)" [D:\NewPVSoftware\InnoPV\InnoPV.Web\InnoPV.Web.csproj]
C:\Program Files\dotnet\sdk\10.0.300\Microsoft.Common.CurrentVersion.targets(5096,5): warning MSB3026: Could not copy "D:\NewPVSoftware\InnoPV\InnoPV.Domain\bin\Debug\net10.0\InnoPV.Domain.dll" to "bin\Debug\net10.0\InnoPV.Domain.dll". Beginning retry 8 in 1000ms. The process cannot access the file 'D:\NewPVSoftware\InnoPV\InnoPV.Web\bin\Debug\net10.0\InnoPV.Domain.dll' because it is being used by another process. The file is locked by: "InnoPV.Web (21592)" [D:\NewPVSoftware\InnoPV\InnoPV.Web\InnoPV.Web.csproj]
C:\Program Files\dotnet\sdk\10.0.300\Microsoft.Common.CurrentVersion.targets(5096,5): warning MSB3026: Could not copy "D:\NewPVSoftware\InnoPV\InnoPV.Infrastructure\bin\Debug\net10.0\InnoPV.Infrastructure.dll" to "bin\Debug\net10.0\InnoPV.Infrastructure.dll". Beginning retry 8 in 1000ms. The process cannot access the file 'D:\NewPVSoftware\InnoPV\InnoPV.Web\bin\Debug\net10.0\InnoPV.Infrastructure.dll' because it is being used by another process. The file is locked by: "InnoPV.Web (21592)" [D:\NewPVSoftware\InnoPV\InnoPV.Web\InnoPV.Web.csproj]
C:\Program Files\dotnet\sdk\10.0.300\Microsoft.Common.CurrentVersion.targets(5096,5): warning MSB3026: Could not copy "D:\NewPVSoftware\InnoPV\InnoPV.Domain\bin\Debug\net10.0\InnoPV.Domain.dll" to "bin\Debug\net10.0\InnoPV.Domain.dll". Beginning retry 9 in 1000ms. The process cannot access the file 'D:\NewPVSoftware\InnoPV\InnoPV.Web\bin\Debug\net10.0\InnoPV.Domain.dll' because it is being used by another process. The file is locked by: "InnoPV.Web (21592)" [D:\NewPVSoftware\InnoPV\InnoPV.Web\InnoPV.Web.csproj]
C:\Program Files\dotnet\sdk\10.0.300\Microsoft.Common.CurrentVersion.targets(5096,5): warning MSB3026: Could not copy "D:\NewPVSoftware\InnoPV\InnoPV.Infrastructure\bin\Debug\net10.0\InnoPV.Infrastructure.dll" to "bin\Debug\net10.0\InnoPV.Infrastructure.dll". Beginning retry 9 in 1000ms. The process cannot access the file 'D:\NewPVSoftware\InnoPV\InnoPV.Web\bin\Debug\net10.0\InnoPV.Infrastructure.dll' because it is being used by another process. The file is locked by: "InnoPV.Web (21592)" [D:\NewPVSoftware\InnoPV\InnoPV.Web\InnoPV.Web.csproj]
C:\Program Files\dotnet\sdk\10.0.300\Microsoft.Common.CurrentVersion.targets(5096,5): warning MSB3026: Could not copy "D:\NewPVSoftware\InnoPV\InnoPV.Domain\bin\Debug\net10.0\InnoPV.Domain.dll" to "bin\Debug\net10.0\InnoPV.Domain.dll". Beginning retry 10 in 1000ms. The process cannot access the file 'D:\NewPVSoftware\InnoPV\InnoPV.Web\bin\Debug\net10.0\InnoPV.Domain.dll' because it is being used by another process. The file is locked by: "InnoPV.Web (21592)" [D:\NewPVSoftware\InnoPV\InnoPV.Web\InnoPV.Web.csproj]
C:\Program Files\dotnet\sdk\10.0.300\Microsoft.Common.CurrentVersion.targets(5096,5): warning MSB3026: Could not copy "D:\NewPVSoftware\InnoPV\InnoPV.Infrastructure\bin\Debug\net10.0\InnoPV.Infrastructure.dll" to "bin\Debug\net10.0\InnoPV.Infrastructure.dll". Beginning retry 10 in 1000ms. The process cannot access the file 'D:\NewPVSoftware\InnoPV\InnoPV.Web\bin\Debug\net10.0\InnoPV.Infrastructure.dll' because it is being used by another process. The file is locked by: "InnoPV.Web (21592)" [D:\NewPVSoftware\InnoPV\InnoPV.Web\InnoPV.Web.csproj]
C:\Program Files\dotnet\sdk\10.0.300\Microsoft.Common.CurrentVersion.targets(5096,5): error MSB3027: Could not copy "D:\NewPVSoftware\InnoPV\InnoPV.Domain\bin\Debug\net10.0\InnoPV.Domain.dll" to "bin\Debug\net10.0\InnoPV.Domain.dll". Exceeded retry count of 10. Failed. The file is locked by: "InnoPV.Web (21592)" [D:\NewPVSoftware\InnoPV\InnoPV.Web\InnoPV.Web.csproj]
C:\Program Files\dotnet\sdk\10.0.300\Microsoft.Common.CurrentVersion.targets(5096,5): error MSB3021: Unable to copy file "D:\NewPVSoftware\InnoPV\InnoPV.Domain\bin\Debug\net10.0\InnoPV.Domain.dll" to "bin\Debug\net10.0\InnoPV.Domain.dll". The process cannot access the file 'D:\NewPVSoftware\InnoPV\InnoPV.Web\bin\Debug\net10.0\InnoPV.Domain.dll' because it is being used by another process. [D:\NewPVSoftware\InnoPV\InnoPV.Web\InnoPV.Web.csproj]
C:\Program Files\dotnet\sdk\10.0.300\Microsoft.Common.CurrentVersion.targets(5096,5): error MSB3027: Could not copy "D:\NewPVSoftware\InnoPV\InnoPV.Infrastructure\bin\Debug\net10.0\InnoPV.Infrastructure.dll" to "bin\Debug\net10.0\InnoPV.Infrastructure.dll". Exceeded retry count of 10. Failed. The file is locked by: "InnoPV.Web (21592)" [D:\NewPVSoftware\InnoPV\InnoPV.Web\InnoPV.Web.csproj]
C:\Program Files\dotnet\sdk\10.0.300\Microsoft.Common.CurrentVersion.targets(5096,5): error MSB3021: Unable to copy file "D:\NewPVSoftware\InnoPV\InnoPV.Infrastructure\bin\Debug\net10.0\InnoPV.Infrastructure.dll" to "bin\Debug\net10.0\InnoPV.Infrastructure.dll". The process cannot access the file 'D:\NewPVSoftware\InnoPV\InnoPV.Web\bin\Debug\net10.0\InnoPV.Infrastructure.dll' because it is being used by another process. [D:\NewPVSoftware\InnoPV\InnoPV.Web\InnoPV.Web.csproj]

Build FAILED.

C:\Program Files\dotnet\sdk\10.0.300\Microsoft.Common.CurrentVersion.targets(5096,5): warning MSB3026: Could not copy "D:\NewPVSoftware\InnoPV\InnoPV.Infrastructure\bin\Debug\net10.0\InnoPV.Infrastructure.dll" to "bin\Debug\net10.0\InnoPV.Infrastructure.dll". Beginning retry 1 in 1000ms. The process cannot access the file 'D:\NewPVSoftware\InnoPV\InnoPV.Web\bin\Debug\net10.0\InnoPV.Infrastructure.dll' because it is being used by another process. The file is locked by: "InnoPV.Web (21592)" [D:\NewPVSoftware\InnoPV\InnoPV.Web\InnoPV.Web.csproj]
C:\Program Files\dotnet\sdk\10.0.300\Microsoft.Common.CurrentVersion.targets(5096,5): warning MSB3026: Could not copy "D:\NewPVSoftware\InnoPV\InnoPV.Domain\bin\Debug\net10.0\InnoPV.Domain.dll" to "bin\Debug\net10.0\InnoPV.Domain.dll". Beginning retry 1 in 1000ms. The process cannot access the file 'D:\NewPVSoftware\InnoPV\InnoPV.Web\bin\Debug\net10.0\InnoPV.Domain.dll' because it is being used by another process. The file is locked by: "InnoPV.Web (21592)" [D:\NewPVSoftware\InnoPV\InnoPV.Web\InnoPV.Web.csproj]
C:\Program Files\dotnet\sdk\10.0.300\Microsoft.Common.CurrentVersion.targets(5096,5): warning MSB3026: Could not copy "D:\NewPVSoftware\InnoPV\InnoPV.Domain\bin\Debug\net10.0\InnoPV.Domain.dll" to "bin\Debug\net10.0\InnoPV.Domain.dll". Beginning retry 2 in 1000ms. The process cannot access the file 'D:\NewPVSoftware\InnoPV\InnoPV.Web\bin\Debug\net10.0\InnoPV.Domain.dll' because it is being used by another process. The file is locked by: "InnoPV.Web (21592)" [D:\NewPVSoftware\InnoPV\InnoPV.Web\InnoPV.Web.csproj]
C:\Program Files\dotnet\sdk\10.0.300\Microsoft.Common.CurrentVersion.targets(5096,5): warning MSB3026: Could not copy "D:\NewPVSoftware\InnoPV\InnoPV.Infrastructure\bin\Debug\net10.0\InnoPV.Infrastructure.dll" to "bin\Debug\net10.0\InnoPV.Infrastructure.dll". Beginning retry 2 in 1000ms. The process cannot access the file 'D:\NewPVSoftware\InnoPV\InnoPV.Web\bin\Debug\net10.0\InnoPV.Infrastructure.dll' because it is being used by another process. The file is locked by: "InnoPV.Web (21592)" [D:\NewPVSoftware\InnoPV\InnoPV.Web\InnoPV.Web.csproj]
C:\Program Files\dotnet\sdk\10.0.300\Microsoft.Common.CurrentVersion.targets(5096,5): warning MSB3026: Could not copy "D:\NewPVSoftware\InnoPV\InnoPV.Domain\bin\Debug\net10.0\InnoPV.Domain.dll" to "bin\Debug\net10.0\InnoPV.Domain.dll". Beginning retry 3 in 1000ms. The process cannot access the file 'D:\NewPVSoftware\InnoPV\InnoPV.Web\bin\Debug\net10.0\InnoPV.Domain.dll' because it is being used by another process. The file is locked by: "InnoPV.Web (21592)" [D:\NewPVSoftware\InnoPV\InnoPV.Web\InnoPV.Web.csproj]
C:\Program Files\dotnet\sdk\10.0.300\Microsoft.Common.CurrentVersion.targets(5096,5): warning MSB3026: Could not copy "D:\NewPVSoftware\InnoPV\InnoPV.Infrastructure\bin\Debug\net10.0\InnoPV.Infrastructure.dll" to "bin\Debug\net10.0\InnoPV.Infrastructure.dll". Beginning retry 3 in 1000ms. The process cannot access the file 'D:\NewPVSoftware\InnoPV\InnoPV.Web\bin\Debug\net10.0\InnoPV.Infrastructure.dll' because it is being used by another process. The file is locked by: "InnoPV.Web (21592)" [D:\NewPVSoftware\InnoPV\InnoPV.Web\InnoPV.Web.csproj]
C:\Program Files\dotnet\sdk\10.0.300\Microsoft.Common.CurrentVersion.targets(5096,5): warning MSB3026: Could not copy "D:\NewPVSoftware\InnoPV\InnoPV.Domain\bin\Debug\net10.0\InnoPV.Domain.dll" to "bin\Debug\net10.0\InnoPV.Domain.dll". Beginning retry 4 in 1000ms. The process cannot access the file 'D:\NewPVSoftware\InnoPV\InnoPV.Web\bin\Debug\net10.0\InnoPV.Domain.dll' because it is being used by another process. The file is locked by: "InnoPV.Web (21592)" [D:\NewPVSoftware\InnoPV\InnoPV.Web\InnoPV.Web.csproj]
C:\Program Files\dotnet\sdk\10.0.300\Microsoft.Common.CurrentVersion.targets(5096,5): warning MSB3026: Could not copy "D:\NewPVSoftware\InnoPV\InnoPV.Infrastructure\bin\Debug\net10.0\InnoPV.Infrastructure.dll" to "bin\Debug\net10.0\InnoPV.Infrastructure.dll". Beginning retry 4 in 1000ms. The process cannot access the file 'D:\NewPVSoftware\InnoPV\InnoPV.Web\bin\Debug\net10.0\InnoPV.Infrastructure.dll' because it is being used by another process. The file is locked by: "InnoPV.Web (21592)" [D:\NewPVSoftware\InnoPV\InnoPV.Web\InnoPV.Web.csproj]
C:\Program Files\dotnet\sdk\10.0.300\Microsoft.Common.CurrentVersion.targets(5096,5): warning MSB3026: Could not copy "D:\NewPVSoftware\InnoPV\InnoPV.Domain\bin\Debug\net10.0\InnoPV.Domain.dll" to "bin\Debug\net10.0\InnoPV.Domain.dll". Beginning retry 5 in 1000ms. The process cannot access the file 'D:\NewPVSoftware\InnoPV\InnoPV.Web\bin\Debug\net10.0\InnoPV.Domain.dll' because it is being used by another process. The file is locked by: "InnoPV.Web (21592)" [D:\NewPVSoftware\InnoPV\InnoPV.Web\InnoPV.Web.csproj]
C:\Program Files\dotnet\sdk\10.0.300\Microsoft.Common.CurrentVersion.targets(5096,5): warning MSB3026: Could not copy "D:\NewPVSoftware\InnoPV\InnoPV.Infrastructure\bin\Debug\net10.0\InnoPV.Infrastructure.dll" to "bin\Debug\net10.0\InnoPV.Infrastructure.dll". Beginning retry 5 in 1000ms. The process cannot access the file 'D:\NewPVSoftware\InnoPV\InnoPV.Web\bin\Debug\net10.0\InnoPV.Infrastructure.dll' because it is being used by another process. The file is locked by: "InnoPV.Web (21592)" [D:\NewPVSoftware\InnoPV\InnoPV.Web\InnoPV.Web.csproj]
C:\Program Files\dotnet\sdk\10.0.300\Microsoft.Common.CurrentVersion.targets(5096,5): warning MSB3026: Could not copy "D:\NewPVSoftware\InnoPV\InnoPV.Domain\bin\Debug\net10.0\InnoPV.Domain.dll" to "bin\Debug\net10.0\InnoPV.Domain.dll". Beginning retry 6 in 1000ms. The process cannot access the file 'D:\NewPVSoftware\InnoPV\InnoPV.Web\bin\Debug\net10.0\InnoPV.Domain.dll' because it is being used by another process. The file is locked by: "InnoPV.Web (21592)" [D:\NewPVSoftware\InnoPV\InnoPV.Web\InnoPV.Web.csproj]
C:\Program Files\dotnet\sdk\10.0.300\Microsoft.Common.CurrentVersion.targets(5096,5): warning MSB3026: Could not copy "D:\NewPVSoftware\InnoPV\InnoPV.Infrastructure\bin\Debug\net10.0\InnoPV.Infrastructure.dll" to "bin\Debug\net10.0\InnoPV.Infrastructure.dll". Beginning retry 6 in 1000ms. The process cannot access the file 'D:\NewPVSoftware\InnoPV\InnoPV.Web\bin\Debug\net10.0\InnoPV.Infrastructure.dll' because it is being used by another process. The file is locked by: "InnoPV.Web (21592)" [D:\NewPVSoftware\InnoPV\InnoPV.Web\InnoPV.Web.csproj]
C:\Program Files\dotnet\sdk\10.0.300\Microsoft.Common.CurrentVersion.targets(5096,5): warning MSB3026: Could not copy "D:\NewPVSoftware\InnoPV\InnoPV.Domain\bin\Debug\net10.0\InnoPV.Domain.dll" to "bin\Debug\net10.0\InnoPV.Domain.dll". Beginning retry 7 in 1000ms. The process cannot access the file 'D:\NewPVSoftware\InnoPV\InnoPV.Web\bin\Debug\net10.0\InnoPV.Domain.dll' because it is being used by another process. The file is locked by: "InnoPV.Web (21592)" [D:\NewPVSoftware\InnoPV\InnoPV.Web\InnoPV.Web.csproj]
C:\Program Files\dotnet\sdk\10.0.300\Microsoft.Common.CurrentVersion.targets(5096,5): warning MSB3026: Could not copy "D:\NewPVSoftware\InnoPV\InnoPV.Infrastructure\bin\Debug\net10.0\InnoPV.Infrastructure.dll" to "bin\Debug\net10.0\InnoPV.Infrastructure.dll". Beginning retry 7 in 1000ms. The process cannot access the file 'D:\NewPVSoftware\InnoPV\InnoPV.Web\bin\Debug\net10.0\InnoPV.Infrastructure.dll' because it is being used by another process. The file is locked by: "InnoPV.Web (21592)" [D:\NewPVSoftware\InnoPV\InnoPV.Web\InnoPV.Web.csproj]
C:\Program Files\dotnet\sdk\10.0.300\Microsoft.Common.CurrentVersion.targets(5096,5): warning MSB3026: Could not copy "D:\NewPVSoftware\InnoPV\InnoPV.Domain\bin\Debug\net10.0\InnoPV.Domain.dll" to "bin\Debug\net10.0\InnoPV.Domain.dll". Beginning retry 8 in 1000ms. The process cannot access the file 'D:\NewPVSoftware\InnoPV\InnoPV.Web\bin\Debug\net10.0\InnoPV.Domain.dll' because it is being used by another process. The file is locked by: "InnoPV.Web (21592)" [D:\NewPVSoftware\InnoPV\InnoPV.Web\InnoPV.Web.csproj]
C:\Program Files\dotnet\sdk\10.0.300\Microsoft.Common.CurrentVersion.targets(5096,5): warning MSB3026: Could not copy "D:\NewPVSoftware\InnoPV\InnoPV.Infrastructure\bin\Debug\net10.0\InnoPV.Infrastructure.dll" to "bin\Debug\net10.0\InnoPV.Infrastructure.dll". Beginning retry 8 in 1000ms. The process cannot access the file 'D:\NewPVSoftware\InnoPV\InnoPV.Web\bin\Debug\net10.0\InnoPV.Infrastructure.dll' because it is being used by another process. The file is locked by: "InnoPV.Web (21592)" [D:\NewPVSoftware\InnoPV\InnoPV.Web\InnoPV.Web.csproj]
C:\Program Files\dotnet\sdk\10.0.300\Microsoft.Common.CurrentVersion.targets(5096,5): warning MSB3026: Could not copy "D:\NewPVSoftware\InnoPV\InnoPV.Domain\bin\Debug\net10.0\InnoPV.Domain.dll" to "bin\Debug\net10.0\InnoPV.Domain.dll". Beginning retry 9 in 1000ms. The process cannot access the file 'D:\NewPVSoftware\InnoPV\InnoPV.Web\bin\Debug\net10.0\InnoPV.Domain.dll' because it is being used by another process. The file is locked by: "InnoPV.Web (21592)" [D:\NewPVSoftware\InnoPV\InnoPV.Web\InnoPV.Web.csproj]
C:\Program Files\dotnet\sdk\10.0.300\Microsoft.Common.CurrentVersion.targets(5096,5): warning MSB3026: Could not copy "D:\NewPVSoftware\InnoPV\InnoPV.Infrastructure\bin\Debug\net10.0\InnoPV.Infrastructure.dll" to "bin\Debug\net10.0\InnoPV.Infrastructure.dll". Beginning retry 9 in 1000ms. The process cannot access the file 'D:\NewPVSoftware\InnoPV\InnoPV.Web\bin\Debug\net10.0\InnoPV.Infrastructure.dll' because it is being used by another process. The file is locked by: "InnoPV.Web (21592)" [D:\NewPVSoftware\InnoPV\InnoPV.Web\InnoPV.Web.csproj]
C:\Program Files\dotnet\sdk\10.0.300\Microsoft.Common.CurrentVersion.targets(5096,5): warning MSB3026: Could not copy "D:\NewPVSoftware\InnoPV\InnoPV.Domain\bin\Debug\net10.0\InnoPV.Domain.dll" to "bin\Debug\net10.0\InnoPV.Domain.dll". Beginning retry 10 in 1000ms. The process cannot access the file 'D:\NewPVSoftware\InnoPV\InnoPV.Web\bin\Debug\net10.0\InnoPV.Domain.dll' because it is being used by another process. The file is locked by: "InnoPV.Web (21592)" [D:\NewPVSoftware\InnoPV\InnoPV.Web\InnoPV.Web.csproj]
C:\Program Files\dotnet\sdk\10.0.300\Microsoft.Common.CurrentVersion.targets(5096,5): warning MSB3026: Could not copy "D:\NewPVSoftware\InnoPV\InnoPV.Infrastructure\bin\Debug\net10.0\InnoPV.Infrastructure.dll" to "bin\Debug\net10.0\InnoPV.Infrastructure.dll". Beginning retry 10 in 1000ms. The process cannot access the file 'D:\NewPVSoftware\InnoPV\InnoPV.Web\bin\Debug\net10.0\InnoPV.Infrastructure.dll' because it is being used by another process. The file is locked by: "InnoPV.Web (21592)" [D:\NewPVSoftware\InnoPV\InnoPV.Web\InnoPV.Web.csproj]
C:\Program Files\dotnet\sdk\10.0.300\Microsoft.Common.CurrentVersion.targets(5096,5): error MSB3027: Could not copy "D:\NewPVSoftware\InnoPV\InnoPV.Domain\bin\Debug\net10.0\InnoPV.Domain.dll" to "bin\Debug\net10.0\InnoPV.Domain.dll". Exceeded retry count of 10. Failed. The file is locked by: "InnoPV.Web (21592)" [D:\NewPVSoftware\InnoPV\InnoPV.Web\InnoPV.Web.csproj]
C:\Program Files\dotnet\sdk\10.0.300\Microsoft.Common.CurrentVersion.targets(5096,5): error MSB3021: Unable to copy file "D:\NewPVSoftware\InnoPV\InnoPV.Domain\bin\Debug\net10.0\InnoPV.Domain.dll" to "bin\Debug\net10.0\InnoPV.Domain.dll". The process cannot access the file 'D:\NewPVSoftware\InnoPV\InnoPV.Web\bin\Debug\net10.0\InnoPV.Domain.dll' because it is being used by another process. [D:\NewPVSoftware\InnoPV\InnoPV.Web\InnoPV.Web.csproj]
C:\Program Files\dotnet\sdk\10.0.300\Microsoft.Common.CurrentVersion.targets(5096,5): error MSB3027: Could not copy "D:\NewPVSoftware\InnoPV\InnoPV.Infrastructure\bin\Debug\net10.0\InnoPV.Infrastructure.dll" to "bin\Debug\net10.0\InnoPV.Infrastructure.dll". Exceeded retry count of 10. Failed. The file is locked by: "InnoPV.Web (21592)" [D:\NewPVSoftware\InnoPV\InnoPV.Web\InnoPV.Web.csproj]
C:\Program Files\dotnet\sdk\10.0.300\Microsoft.Common.CurrentVersion.targets(5096,5): error MSB3021: Unable to copy file "D:\NewPVSoftware\InnoPV\InnoPV.Infrastructure\bin\Debug\net10.0\InnoPV.Infrastructure.dll" to "bin\Debug\net10.0\InnoPV.Infrastructure.dll". The process cannot access the file 'D:\NewPVSoftware\InnoPV\InnoPV.Web\bin\Debug\net10.0\InnoPV.Infrastructure.dll' because it is being used by another process. [D:\NewPVSoftware\InnoPV\InnoPV.Web\InnoPV.Web.csproj]
    20 Warning(s)
    4 Error(s)

Time Elapsed 00:00:23.45
